Сборка начата 03.05.2025 13:11:43.
Уровень детализации журнала: Normal.     1>Проект "C:\Users\User\Downloads\Telegram Desktop\lab7\lab7\Lab04\Win32Project1\Win32Project1.vcxproj" в узле 2 (целевые объекты Build).
     1>C:\Program Files\Microsoft Visual Studio\2022\Community\MSBuild\Microsoft\VC\v170\Microsoft.CppBuild.targets(531,5): warning MSB8028: промежуточный каталог (x64\Debug\) содержит файлы, которые используются совместно с другим проектом (Win32Project1.vcxproj).  Это может привести к ошибкам очистки и перестроения.
         Структурированный вывод включен. Форматирование диагностики компилятора будет отражать иерархию ошибок. Подробнее см. https://aka.ms/cpp/structured-output.
     1>InitializeBuildStatus:
         Создание "x64\Debug\lab7.tlog\unsuccessfulbuild", так как было задано "AlwaysCreate".
         Обращение к "x64\Debug\lab7.tlog\unsuccessfulbuild".
       ClCompile:
         C:\Program Files\Microsoft Visual Studio\2022\Community\VC\Tools\MSVC\14.42.34433\bin\HostX64\x64\CL.exe /c /ZI /JMC /nologo /W3 /WX- /diagnostics:column /Od /D _DEBUG /D _WINDOWS /D _UNICODE /D UNICODE /D _AFXDLL /Gm- /EHsc /RTC1 /MDd /GS /fp:precise /Zc:wchar_t /Zc:forScope /Zc:inline /Fo"x64\Debug\\" /Fd"x64\Debug\vc143.pdb" /external:W3 /Gd /TP /FC /errorReport:prompt CPyramid.cpp
         CPyramid.cpp
         _WIN32_WINNT not defined. Defaulting to _WIN32_WINNT_MAXVER (see WinSDKVer.h)
     1>C:\Users\User\Downloads\Telegram Desktop\lab7\lab7\Lab04\Win32Project1\CPyramid.cpp(94,2): warning C4996: 'sprintf': This function or variable may be unsafe. Consider using sprintf_s instead. To disable deprecation, use _CRT_SECURE_NO_WARNINGS. See online help for details.
     1>C:\Users\User\Downloads\Telegram Desktop\lab7\lab7\Lab04\Win32Project1\CPyramid.cpp(96,2): warning C4996: 'sprintf': This function or variable may be unsafe. Consider using sprintf_s instead. To disable deprecation, use _CRT_SECURE_NO_WARNINGS. See online help for details.
     1>C:\Users\User\Downloads\Telegram Desktop\lab7\lab7\Lab04\Win32Project1\CPyramid.cpp(204,2): warning C4996: 'sprintf': This function or variable may be unsafe. Consider using sprintf_s instead. To disable deprecation, use _CRT_SECURE_NO_WARNINGS. See online help for details.
     1>C:\Users\User\Downloads\Telegram Desktop\lab7\lab7\Lab04\Win32Project1\CPyramid.cpp(206,2): warning C4996: 'sprintf': This function or variable may be unsafe. Consider using sprintf_s instead. To disable deprecation, use _CRT_SECURE_NO_WARNINGS. See online help for details.
       Link:
         C:\Program Files\Microsoft Visual Studio\2022\Community\VC\Tools\MSVC\14.42.34433\bin\HostX64\x64\link.exe /ERRORREPORT:PROMPT /OUT:"C:\Users\User\Downloads\Telegram Desktop\lab7\lab7\Lab04\x64\Debug\lab7.exe" /INCREMENTAL /ILK:"x64\Debug\lab7.ilk" /NOLOGO /MANIFEST /MANIFESTUAC:"level='asInvoker' uiAccess='false'" /manifest:embed /manifestinput:"C:\Program Files\Microsoft Visual Studio\2022\Community\VC\Tools\MSVC\14.42.34433\Include\Manifest\dpiaware.manifest" /DEBUG /PDB:"C:\Users\User\Downloads\Telegram Desktop\lab7\lab7\Lab04\x64\Debug\lab7.pdb" /SUBSYSTEM:WINDOWS /TLBID:1 /ENTRY:"wWinMainCRTStartup" /DYNAMICBASE /NXCOMPAT /IMPLIB:"C:\Users\User\Downloads\Telegram Desktop\lab7\lab7\Lab04\x64\Debug\lab7.lib" /MACHINE:X64 x64\Debug\CMatrix.obj
         x64\Debug\CPyramid.obj
         x64\Debug\main.obj
         Win32Project1.vcxproj -> C:\Users\User\Downloads\Telegram Desktop\lab7\lab7\Lab04\x64\Debug\lab7.exe
       FinalizeBuildStatus:
         Файл "x64\Debug\lab7.tlog\unsuccessfulbuild" удаляется.
         Обращение к "x64\Debug\lab7.tlog\lab7.lastbuildstate".
     1>Сборка проекта "C:\Users\User\Downloads\Telegram Desktop\lab7\lab7\Lab04\Win32Project1\Win32Project1.vcxproj" завершена (целевые объекты Build).

Сборка успешно завершена.

       "C:\Users\User\Downloads\Telegram Desktop\lab7\lab7\Lab04\Win32Project1\Win32Project1.vcxproj" (целевой объект Build ) (1) ->
       (Целевой объект PrepareForBuild) -> 
         C:\Program Files\Microsoft Visual Studio\2022\Community\MSBuild\Microsoft\VC\v170\Microsoft.CppBuild.targets(531,5): warning MSB8028: промежуточный каталог (x64\Debug\) содержит файлы, которые используются совместно с другим проектом (Win32Project1.vcxproj).  Это может привести к ошибкам очистки и перестроения.


       "C:\Users\User\Downloads\Telegram Desktop\lab7\lab7\Lab04\Win32Project1\Win32Project1.vcxproj" (целевой объект Build ) (1) ->
       (Целевой объект ClCompile) -> 
         C:\Users\User\Downloads\Telegram Desktop\lab7\lab7\Lab04\Win32Project1\CPyramid.cpp(94,2): warning C4996: 'sprintf': This function or variable may be unsafe. Consider using sprintf_s instead. To disable deprecation, use _CRT_SECURE_NO_WARNINGS. See online help for details.
         C:\Users\User\Downloads\Telegram Desktop\lab7\lab7\Lab04\Win32Project1\CPyramid.cpp(96,2): warning C4996: 'sprintf': This function or variable may be unsafe. Consider using sprintf_s instead. To disable deprecation, use _CRT_SECURE_NO_WARNINGS. See online help for details.
         C:\Users\User\Downloads\Telegram Desktop\lab7\lab7\Lab04\Win32Project1\CPyramid.cpp(204,2): warning C4996: 'sprintf': This function or variable may be unsafe. Consider using sprintf_s instead. To disable deprecation, use _CRT_SECURE_NO_WARNINGS. See online help for details.
         C:\Users\User\Downloads\Telegram Desktop\lab7\lab7\Lab04\Win32Project1\CPyramid.cpp(206,2): warning C4996: 'sprintf': This function or variable may be unsafe. Consider using sprintf_s instead. To disable deprecation, use _CRT_SECURE_NO_WARNINGS. See online help for details.

    Предупреждений: 5
    Ошибок: 0

Прошло времени 00:00:03.78
