Сборка начата 17.05.2025 11:08:30.
Уровень детализации журнала: Normal.     1>Проект "C:\Лабы\Основы компьютерной геометрии\Лаба9\lab9\Lab-5\Lab-5.vcxproj" в узле 2 (целевые объекты Build).
     1>PrepareForBuild:
         Структурированный вывод включен. Форматирование диагностики компилятора будет отражать иерархию ошибок. Подробнее см. https://aka.ms/cpp/structured-output.
       InitializeBuildStatus:
         Создание "Debug\Lab-5.tlog\unsuccessfulbuild", так как было задано "AlwaysCreate".
         Обращение к "Debug\Lab-5.tlog\unsuccessfulbuild".
       ClCompile:
         C:\Program Files\Microsoft Visual Studio\2022\Community\VC\Tools\MSVC\14.44.35207\bin\HostX86\x86\CL.exe /c /ZI /JMC /nologo /W3 /WX- /diagnostics:column /sdl /Od /Oy- /D WIN32 /D _DEBUG /D _WINDOWS /D _UNICODE /D UNICODE /D _AFXDLL /Gm- /EHsc /RTC1 /MDd /GS /fp:precise /Zc:wchar_t /Zc:forScope /Zc:inline /Fo"Debug\\" /Fd"Debug\vc143.pdb" /external:W3 /Gd /TP /analyze- /FC /errorReport:prompt main.cpp
         main.cpp
         _WIN32_WINNT not defined. Defaulting to _WIN32_WINNT_MAXVER (see WinSDKVer.h)
     1>C:\Лабы\Основы компьютерной геометрии\Лаба9\lab9\Lab-5\LibPyramid.h(167,26): warning C4002: слишком много аргументов для вызова макроса, подобного функции, "RGB"
         (компиляция исходного файла "main.cpp")
         
     1>C:\Лабы\Основы компьютерной геометрии\Лаба9\lab9\Lab-5\CMainWnd.h(206,8): warning C4244: инициализация: преобразование "double" в "int", возможна потеря данных
         (компиляция исходного файла "main.cpp")
         
     1>C:\Лабы\Основы компьютерной геометрии\Лаба9\lab9\Lab-5\CMainWnd.h(207,9): warning C4244: инициализация: преобразование "double" в "int", возможна потеря данных
         (компиляция исходного файла "main.cpp")
         
     1>C:\Лабы\Основы компьютерной геометрии\Лаба9\lab9\Lab-5\CMainWnd.h(208,11): warning C4244: инициализация: преобразование "double" в "int", возможна потеря данных
         (компиляция исходного файла "main.cpp")
         
       ResourceCompile:
         Для всех выходных данных обновления не требуется.
       Link:
         C:\Program Files\Microsoft Visual Studio\2022\Community\VC\Tools\MSVC\14.44.35207\bin\HostX86\x86\link.exe /ERRORREPORT:PROMPT /OUT:"C:\Лабы\Основы компьютерной геометрии\Лаба9\lab9\Debug\Lab-5.exe" /INCREMENTAL /ILK:"Debug\Lab-5.ilk" /NOLOGO /MANIFEST /MANIFESTUAC:"level='asInvoker' uiAccess='false'" /manifest:embed /manifestinput:"C:\Program Files\Microsoft Visual Studio\2022\Community\VC\Tools\MSVC\14.44.35207\Include\Manifest\dpiaware.manifest" /DEBUG /PDB:"C:\Лабы\Основы компьютерной геометрии\Лаба9\lab9\Debug\Lab-5.pdb" /SUBSYSTEM:WINDOWS /TLBID:1 /ENTRY:"wWinMainCRTStartup" /DYNAMICBASE /NXCOMPAT /IMPLIB:"C:\Лабы\Основы компьютерной геометрии\Лаба9\lab9\Debug\Lab-5.lib" /MACHINE:X86 "Debug\Lab-5.res"
         Debug\CMatrix.obj
         Debug\main.obj
         Lab-5.vcxproj -> C:\Лабы\Основы компьютерной геометрии\Лаба9\lab9\Debug\Lab-5.exe
       FinalizeBuildStatus:
         Файл "Debug\Lab-5.tlog\unsuccessfulbuild" удаляется.
         Обращение к "Debug\Lab-5.tlog\Lab-5.lastbuildstate".
     1>Сборка проекта "C:\Лабы\Основы компьютерной геометрии\Лаба9\lab9\Lab-5\Lab-5.vcxproj" завершена (целевые объекты Build).

Сборка успешно завершена.

       "C:\Лабы\Основы компьютерной геометрии\Лаба9\lab9\Lab-5\Lab-5.vcxproj" (целевой объект Build ) (1) ->
       (Целевой объект ClCompile) -> 
         C:\Лабы\Основы компьютерной геометрии\Лаба9\lab9\Lab-5\LibPyramid.h(167,26): warning C4002: слишком много аргументов для вызова макроса, подобного функции, "RGB"
         C:\Лабы\Основы компьютерной геометрии\Лаба9\lab9\Lab-5\CMainWnd.h(206,8): warning C4244: инициализация: преобразование "double" в "int", возможна потеря данных
         C:\Лабы\Основы компьютерной геометрии\Лаба9\lab9\Lab-5\CMainWnd.h(207,9): warning C4244: инициализация: преобразование "double" в "int", возможна потеря данных
         C:\Лабы\Основы компьютерной геометрии\Лаба9\lab9\Lab-5\CMainWnd.h(208,11): warning C4244: инициализация: преобразование "double" в "int", возможна потеря данных

    Предупреждений: 4
    Ошибок: 0

Прошло времени 00:00:05.30
