Сборка начата 26.04.2025 09:39:23.
Уровень детализации журнала: Normal.     1>Проект "C:\Лабы\Основы компьютерной геометрии\Лаба5\Lab03\Lab03\Lab03.vcxproj" в узле 2 (целевые объекты Build).
     1>PrepareForBuild:
         Структурированный вывод включен. Форматирование диагностики компилятора будет отражать иерархию ошибок. Подробнее см. https://aka.ms/cpp/structured-output.
       InitializeBuildStatus:
         Создание "x64\Debug\Lab05.tlog\unsuccessfulbuild", так как было задано "AlwaysCreate".
         Обращение к "x64\Debug\Lab05.tlog\unsuccessfulbuild".
       ClCompile:
         Для всех выходных данных обновления не требуется.
         C:\Program Files\Microsoft Visual Studio\2022\Community\VC\Tools\MSVC\14.42.34433\bin\HostX64\x64\CL.exe /c /ZI /JMC /nologo /W3 /WX- /diagnostics:column /sdl /Od /D _WINDOWS /D _DEBUG /D _UNICODE /D UNICODE /D _AFXDLL /Gm- /EHsc /RTC1 /MDd /GS /fp:precise /Zc:wchar_t /Zc:forScope /Zc:inline /Yu"stdafx.h" /Fp"x64\Debug\Lab05.pch" /Fo"x64\Debug\\" /Fd"x64\Debug\vc143.pdb" /external:W3 /Gd /TP /FC /errorReport:prompt LibBlade.cpp
         LibBlade.cpp
     1>C:\Лабы\Основы компьютерной геометрии\Лаба5\Lab03\Lab03\LibBlade.cpp(119,33): warning C4244: аргумент: преобразование "double" в "int", возможна потеря данных
         (компиляция исходного файла "/LibBlade.cpp")
         
     1>C:\Лабы\Основы компьютерной геометрии\Лаба5\Lab03\Lab03\LibBlade.cpp(119,29): warning C4244: аргумент: преобразование "double" в "int", возможна потеря данных
         (компиляция исходного файла "/LibBlade.cpp")
         
     1>C:\Лабы\Основы компьютерной геометрии\Лаба5\Lab03\Lab03\LibBlade.cpp(119,25): warning C4244: аргумент: преобразование "double" в "int", возможна потеря данных
         (компиляция исходного файла "/LibBlade.cpp")
         
     1>C:\Лабы\Основы компьютерной геометрии\Лаба5\Lab03\Lab03\LibBlade.cpp(119,20): warning C4244: аргумент: преобразование "double" в "int", возможна потеря данных
         (компиляция исходного файла "/LibBlade.cpp")
         
     1>C:\Лабы\Основы компьютерной геометрии\Лаба5\Lab03\Lab03\LibBlade.cpp(124,38): warning C4244: аргумент: преобразование "double" в "int", возможна потеря данных
         (компиляция исходного файла "/LibBlade.cpp")
         
     1>C:\Лабы\Основы компьютерной геометрии\Лаба5\Lab03\Lab03\LibBlade.cpp(124,33): warning C4244: аргумент: преобразование "double" в "int", возможна потеря данных
         (компиляция исходного файла "/LibBlade.cpp")
         
     1>C:\Лабы\Основы компьютерной геометрии\Лаба5\Lab03\Lab03\LibBlade.cpp(124,28): warning C4244: аргумент: преобразование "double" в "int", возможна потеря данных
         (компиляция исходного файла "/LibBlade.cpp")
         
     1>C:\Лабы\Основы компьютерной геометрии\Лаба5\Lab03\Lab03\LibBlade.cpp(124,22): warning C4244: аргумент: преобразование "double" в "int", возможна потеря данных
         (компиляция исходного файла "/LibBlade.cpp")
         
     1>C:\Лабы\Основы компьютерной геометрии\Лаба5\Lab03\Lab03\LibBlade.cpp(260,33): warning C4244: аргумент: преобразование "double" в "int", возможна потеря данных
         (компиляция исходного файла "/LibBlade.cpp")
         
     1>C:\Лабы\Основы компьютерной геометрии\Лаба5\Lab03\Lab03\LibBlade.cpp(260,20): warning C4244: аргумент: преобразование "double" в "int", возможна потеря данных
         (компиляция исходного файла "/LibBlade.cpp")
         
     1>C:\Лабы\Основы компьютерной геометрии\Лаба5\Lab03\Lab03\LibBlade.cpp(286,43): warning C4244: аргумент: преобразование "double" в "int", возможна потеря данных
         (компиляция исходного файла "/LibBlade.cpp")
         
     1>C:\Лабы\Основы компьютерной геометрии\Лаба5\Lab03\Lab03\LibBlade.cpp(286,30): warning C4244: аргумент: преобразование "double" в "int", возможна потеря данных
         (компиляция исходного файла "/LibBlade.cpp")
         
     1>C:\Лабы\Основы компьютерной геометрии\Лаба5\Lab03\Lab03\LibBlade.cpp(287,43): warning C4244: аргумент: преобразование "double" в "int", возможна потеря данных
         (компиляция исходного файла "/LibBlade.cpp")
         
     1>C:\Лабы\Основы компьютерной геометрии\Лаба5\Lab03\Lab03\LibBlade.cpp(287,30): warning C4244: аргумент: преобразование "double" в "int", возможна потеря данных
         (компиляция исходного файла "/LibBlade.cpp")
         
     1>C:\Лабы\Основы компьютерной геометрии\Лаба5\Lab03\Lab03\LibBlade.cpp(300,43): warning C4244: аргумент: преобразование "double" в "int", возможна потеря данных
         (компиляция исходного файла "/LibBlade.cpp")
         
     1>C:\Лабы\Основы компьютерной геометрии\Лаба5\Lab03\Lab03\LibBlade.cpp(300,30): warning C4244: аргумент: преобразование "double" в "int", возможна потеря данных
         (компиляция исходного файла "/LibBlade.cpp")
         
     1>C:\Лабы\Основы компьютерной геометрии\Лаба5\Lab03\Lab03\LibBlade.cpp(301,43): warning C4244: аргумент: преобразование "double" в "int", возможна потеря данных
         (компиляция исходного файла "/LibBlade.cpp")
         
     1>C:\Лабы\Основы компьютерной геометрии\Лаба5\Lab03\Lab03\LibBlade.cpp(301,30): warning C4244: аргумент: преобразование "double" в "int", возможна потеря данных
         (компиляция исходного файла "/LibBlade.cpp")
         
       ResourceCompile:
         Для всех выходных данных обновления не требуется.
       Link:
         C:\Program Files\Microsoft Visual Studio\2022\Community\VC\Tools\MSVC\14.42.34433\bin\HostX64\x64\link.exe /ERRORREPORT:PROMPT /OUT:"C:\Лабы\Основы компьютерной геометрии\Лаба5\Lab03\x64\Debug\Lab05.exe" /INCREMENTAL /ILK:"x64\Debug\Lab05.ilk" /NOLOGO /MANIFEST /MANIFESTUAC:"level='asInvoker' uiAccess='false'" /manifest:embed /manifestinput:"C:\Program Files\Microsoft Visual Studio\2022\Community\VC\Tools\MSVC\14.42.34433\Include\Manifest\dpiaware.manifest" /DEBUG:FULL /PDB:"C:\Лабы\Основы компьютерной геометрии\Лаба5\Lab03\x64\Debug\Lab05.pdb" /SUBSYSTEM:WINDOWS /TLBID:1 /ENTRY:"wWinMainCRTStartup" /DYNAMICBASE /NXCOMPAT /IMPLIB:"C:\Лабы\Основы компьютерной геометрии\Лаба5\Lab03\x64\Debug\Lab05.lib" /MACHINE:X64 x64\Debug\Lab03.res
         x64\Debug\ChildView.obj
         x64\Debug\CMatrix.obj
         x64\Debug\Lab03.obj
         x64\Debug\LibBlade.obj
         x64\Debug\MainFrm.obj
         x64\Debug\stdafx.obj
         Lab03.vcxproj -> C:\Лабы\Основы компьютерной геометрии\Лаба5\Lab03\x64\Debug\Lab05.exe
       FinalizeBuildStatus:
         Файл "x64\Debug\Lab05.tlog\unsuccessfulbuild" удаляется.
         Обращение к "x64\Debug\Lab05.tlog\Lab05.lastbuildstate".
     1>Сборка проекта "C:\Лабы\Основы компьютерной геометрии\Лаба5\Lab03\Lab03\Lab03.vcxproj" завершена (целевые объекты Build).

Сборка успешно завершена.

       "C:\Лабы\Основы компьютерной геометрии\Лаба5\Lab03\Lab03\Lab03.vcxproj" (целевой объект Build ) (1) ->
       (Целевой объект ClCompile) -> 
         C:\Лабы\Основы компьютерной геометрии\Лаба5\Lab03\Lab03\LibBlade.cpp(119,33): warning C4244: аргумент: преобразование "double" в "int", возможна потеря данных
         C:\Лабы\Основы компьютерной геометрии\Лаба5\Lab03\Lab03\LibBlade.cpp(119,29): warning C4244: аргумент: преобразование "double" в "int", возможна потеря данных
         C:\Лабы\Основы компьютерной геометрии\Лаба5\Lab03\Lab03\LibBlade.cpp(119,25): warning C4244: аргумент: преобразование "double" в "int", возможна потеря данных
         C:\Лабы\Основы компьютерной геометрии\Лаба5\Lab03\Lab03\LibBlade.cpp(119,20): warning C4244: аргумент: преобразование "double" в "int", возможна потеря данных
         C:\Лабы\Основы компьютерной геометрии\Лаба5\Lab03\Lab03\LibBlade.cpp(124,38): warning C4244: аргумент: преобразование "double" в "int", возможна потеря данных
         C:\Лабы\Основы компьютерной геометрии\Лаба5\Lab03\Lab03\LibBlade.cpp(124,33): warning C4244: аргумент: преобразование "double" в "int", возможна потеря данных
         C:\Лабы\Основы компьютерной геометрии\Лаба5\Lab03\Lab03\LibBlade.cpp(124,28): warning C4244: аргумент: преобразование "double" в "int", возможна потеря данных
         C:\Лабы\Основы компьютерной геометрии\Лаба5\Lab03\Lab03\LibBlade.cpp(124,22): warning C4244: аргумент: преобразование "double" в "int", возможна потеря данных
         C:\Лабы\Основы компьютерной геометрии\Лаба5\Lab03\Lab03\LibBlade.cpp(260,33): warning C4244: аргумент: преобразование "double" в "int", возможна потеря данных
         C:\Лабы\Основы компьютерной геометрии\Лаба5\Lab03\Lab03\LibBlade.cpp(260,20): warning C4244: аргумент: преобразование "double" в "int", возможна потеря данных
         C:\Лабы\Основы компьютерной геометрии\Лаба5\Lab03\Lab03\LibBlade.cpp(286,43): warning C4244: аргумент: преобразование "double" в "int", возможна потеря данных
         C:\Лабы\Основы компьютерной геометрии\Лаба5\Lab03\Lab03\LibBlade.cpp(286,30): warning C4244: аргумент: преобразование "double" в "int", возможна потеря данных
         C:\Лабы\Основы компьютерной геометрии\Лаба5\Lab03\Lab03\LibBlade.cpp(287,43): warning C4244: аргумент: преобразование "double" в "int", возможна потеря данных
         C:\Лабы\Основы компьютерной геометрии\Лаба5\Lab03\Lab03\LibBlade.cpp(287,30): warning C4244: аргумент: преобразование "double" в "int", возможна потеря данных
         C:\Лабы\Основы компьютерной геометрии\Лаба5\Lab03\Lab03\LibBlade.cpp(300,43): warning C4244: аргумент: преобразование "double" в "int", возможна потеря данных
         C:\Лабы\Основы компьютерной геометрии\Лаба5\Lab03\Lab03\LibBlade.cpp(300,30): warning C4244: аргумент: преобразование "double" в "int", возможна потеря данных
         C:\Лабы\Основы компьютерной геометрии\Лаба5\Lab03\Lab03\LibBlade.cpp(301,43): warning C4244: аргумент: преобразование "double" в "int", возможна потеря данных
         C:\Лабы\Основы компьютерной геометрии\Лаба5\Lab03\Lab03\LibBlade.cpp(301,30): warning C4244: аргумент: преобразование "double" в "int", возможна потеря данных

    Предупреждений: 18
    Ошибок: 0

Прошло времени 00:00:01.36
