Сборка начата 22.04.2025 10:15:32.
Уровень детализации журнала: Normal.     1>Проект "C:\Users\User\Downloads\Лаба2\RIS_2_client_2\RIS_2_client_2.vcxproj" в узле 2 (целевые объекты Build).
     1>PrepareForBuild:
         Структурированный вывод включен. Форматирование диагностики компилятора будет отражать иерархию ошибок. Подробнее см. https://aka.ms/cpp/structured-output.
       InitializeBuildStatus:
         Создание "x64\Debug\RIS_2_client_2.tlog\unsuccessfulbuild", так как было задано "AlwaysCreate".
         Обращение к "x64\Debug\RIS_2_client_2.tlog\unsuccessfulbuild".
       ClCompile:
         C:\Program Files\Microsoft Visual Studio\2022\Community\VC\Tools\MSVC\14.42.34433\bin\HostX64\x64\CL.exe /c /ZI /JMC /nologo /W3 /WX- /diagnostics:column /sdl /Od /D _DEBUG /D _CONSOLE /D _UNICODE /D UNICODE /Gm- /EHsc /RTC1 /MDd /GS /fp:precise /Zc:wchar_t /Zc:forScope /Zc:inline /permissive- /Fo"x64\Debug\\" /Fd"x64\Debug\vc143.pdb" /external:W3 /Gd /TP /FC /errorReport:prompt client2.cpp
         client2.cpp
     1>C:\Users\User\Downloads\Лаба2\RIS_2_client_2\client2.cpp(138,57): warning C4267: аргумент: преобразование из "size_t" в "int"; возможна потеря данных
     1>C:\Users\User\Downloads\Лаба2\RIS_2_client_2\client2.cpp(149,71): warning C4267: аргумент: преобразование из "size_t" в "int"; возможна потеря данных
     1>C:\Users\User\Downloads\Лаба2\RIS_2_client_2\client2.cpp(165,70): warning C4267: аргумент: преобразование из "size_t" в "int"; возможна потеря данных
     1>C:\Users\User\Downloads\Лаба2\RIS_2_client_2\client2.cpp(172,67): warning C4267: аргумент: преобразование из "size_t" в "int"; возможна потеря данных
     1>C:\Users\User\Downloads\Лаба2\RIS_2_client_2\client2.cpp(178,71): warning C4267: аргумент: преобразование из "size_t" в "int"; возможна потеря данных
     1>C:\Users\User\Downloads\Лаба2\RIS_2_client_2\client2.cpp(206,67): warning C4267: аргумент: преобразование из "size_t" в "int"; возможна потеря данных
     1>C:\Users\User\Downloads\Лаба2\RIS_2_client_2\client2.cpp(212,67): warning C4267: аргумент: преобразование из "size_t" в "int"; возможна потеря данных
       Link:
         C:\Program Files\Microsoft Visual Studio\2022\Community\VC\Tools\MSVC\14.42.34433\bin\HostX64\x64\link.exe /ERRORREPORT:PROMPT /OUT:"C:\Users\User\Downloads\Лаба2\RIS_2_server\x64\Debug\RIS_2_client_2.exe" /INCREMENTAL /ILK:"x64\Debug\RIS_2_client_2.ilk" /NOLOGO kernel32.lib user32.lib gdi32.lib winspool.lib comdlg32.lib advapi32.lib shell32.lib ole32.lib oleaut32.lib uuid.lib odbc32.lib odbccp32.lib /MANIFEST /MANIFESTUAC:"level='asInvoker' uiAccess='false'" /manifest:embed /DEBUG /PDB:"C:\Users\User\Downloads\Лаба2\RIS_2_server\x64\Debug\RIS_2_client_2.pdb" /SUBSYSTEM:CONSOLE /TLBID:1 /DYNAMICBASE /NXCOMPAT /IMPLIB:"C:\Users\User\Downloads\Лаба2\RIS_2_server\x64\Debug\RIS_2_client_2.lib" /MACHINE:X64 x64\Debug\client2.obj
         RIS_2_client_2.vcxproj -> C:\Users\User\Downloads\Лаба2\RIS_2_server\x64\Debug\RIS_2_client_2.exe
       TlogCleanup:
         Следующие элементы будут удалены из tlogs, так как они были удалены из проекта или сборки: D:\univer\!РИС\lab2\RIS_2_client_2\client2.cpp.
       FinalizeBuildStatus:
         Файл "x64\Debug\RIS_2_client_2.tlog\unsuccessfulbuild" удаляется.
         Обращение к "x64\Debug\RIS_2_client_2.tlog\RIS_2_client_2.lastbuildstate".
     1>Сборка проекта "C:\Users\User\Downloads\Лаба2\RIS_2_client_2\RIS_2_client_2.vcxproj" завершена (целевые объекты Build).

Сборка успешно завершена.

       "C:\Users\User\Downloads\Лаба2\RIS_2_client_2\RIS_2_client_2.vcxproj" (целевой объект Build ) (1) ->
       (Целевой объект ClCompile) -> 
         C:\Users\User\Downloads\Лаба2\RIS_2_client_2\client2.cpp(138,57): warning C4267: аргумент: преобразование из "size_t" в "int"; возможна потеря данных
         C:\Users\User\Downloads\Лаба2\RIS_2_client_2\client2.cpp(149,71): warning C4267: аргумент: преобразование из "size_t" в "int"; возможна потеря данных
         C:\Users\User\Downloads\Лаба2\RIS_2_client_2\client2.cpp(165,70): warning C4267: аргумент: преобразование из "size_t" в "int"; возможна потеря данных
         C:\Users\User\Downloads\Лаба2\RIS_2_client_2\client2.cpp(172,67): warning C4267: аргумент: преобразование из "size_t" в "int"; возможна потеря данных
         C:\Users\User\Downloads\Лаба2\RIS_2_client_2\client2.cpp(178,71): warning C4267: аргумент: преобразование из "size_t" в "int"; возможна потеря данных
         C:\Users\User\Downloads\Лаба2\RIS_2_client_2\client2.cpp(206,67): warning C4267: аргумент: преобразование из "size_t" в "int"; возможна потеря данных
         C:\Users\User\Downloads\Лаба2\RIS_2_client_2\client2.cpp(212,67): warning C4267: аргумент: преобразование из "size_t" в "int"; возможна потеря данных

    Предупреждений: 7
    Ошибок: 0

Прошло времени 00:00:02.70
