d:\уник\четвертый сем\геометрия\lab3\lab02\x64\debug\vc143.pdb
d:\уник\четвертый сем\геометрия\lab3\lab02\x64\debug\vc143.idb
d:\уник\четвертый сем\геометрия\lab3\lab02\x64\debug\mainfrm.obj
d:\уник\четвертый сем\геометрия\lab3\lab02\x64\debug\libchart2d.obj
d:\уник\четвертый сем\геометрия\lab3\lab02\x64\debug\lab02.obj
d:\уник\четвертый сем\геометрия\lab3\lab02\x64\debug\cmatrix.obj
d:\уник\четвертый сем\геометрия\lab3\lab02\x64\debug\childview.obj
c:\users\максим\desktop\okg-4-term-master\lab02\lab02\x64\debug\lab02.ilk
c:\users\максим\desktop\okg-4-term-master\lab02\x64\debug\lab02.exe
c:\users\максим\desktop\okg-4-term-master\lab02\x64\debug\lab02.pdb
d:\уник\четвертый сем\геометрия\lab3\x64\debug\lab02.exe
d:\уник\четвертый сем\геометрия\lab3\lab02\x64\debug\lab02.ilk
d:\уник\четвертый сем\геометрия\lab3\x64\debug\lab02.pdb
c:\users\максим\desktop\okg-4-term-master\lab02\lab02\x64\debug\lab2.res
d:\уник\четвертый сем\геометрия\lab3\lab02\x64\debug\lab2.res
d:\уник\четвертый сем\геометрия\lab3\lab02\x64\debug\lab02.tlog\cl.command.1.tlog
d:\уник\четвертый сем\геометрия\lab3\lab02\x64\debug\lab02.tlog\cl.items.tlog
d:\уник\четвертый сем\геометрия\lab3\lab02\x64\debug\lab02.tlog\cl.read.1.tlog
d:\уник\четвертый сем\геометрия\lab3\lab02\x64\debug\lab02.tlog\cl.write.1.tlog
d:\уник\четвертый сем\геометрия\lab3\lab02\x64\debug\lab02.tlog\link.command.1.tlog
d:\уник\четвертый сем\геометрия\lab3\lab02\x64\debug\lab02.tlog\link.read.1.tlog
d:\уник\четвертый сем\геометрия\lab3\lab02\x64\debug\lab02.tlog\link.write.1.tlog
d:\уник\четвертый сем\геометрия\lab3\lab02\x64\debug\lab02.tlog\rc.command.1.tlog
d:\уник\четвертый сем\геометрия\lab3\lab02\x64\debug\lab02.tlog\rc.read.1.tlog
d:\уник\четвертый сем\геометрия\lab3\lab02\x64\debug\lab02.tlog\rc.write.1.tlog
