d:\уник\четвертый сем\геометрия\lab3\lab02\x64\debug\vc143.pdb
d:\уник\четвертый сем\геометрия\lab3\lab02\x64\debug\vc143.idb
d:\уник\четвертый сем\геометрия\lab3\lab02\x64\debug\mainfrm.obj
d:\уник\четвертый сем\геометрия\lab3\lab02\x64\debug\libchart2d.obj
d:\уник\четвертый сем\геометрия\lab3\lab02\x64\debug\lab3.obj
d:\уник\четвертый сем\геометрия\lab3\lab02\x64\debug\cmatrix.obj
d:\уник\четвертый сем\геометрия\lab3\lab02\x64\debug\childview.obj
d:\уник\четвертый сем\геометрия\lab3\x64\debug\lab3.exe
d:\уник\четвертый сем\геометрия\lab3\x64\debug\lab3.pdb
d:\уник\четвертый сем\геометрия\lab3\lab02\x64\debug\lab3.res
d:\уник\четвертый сем\геометрия\lab3\lab02\x64\debug\lab3.ilk
d:\уник\четвертый сем\геометрия\lab3\lab02\x64\debug\lab02.obj
d:\уник\четвертый сем\геометрия\lab3\lab02\x64\debug\lab02.ilk
d:\уник\четвертый сем\геометрия\lab3\lab02\x64\debug\lab2.res
d:\уник\четвертый сем\геометрия\lab3\lab02\x64\debug\resource.res
d:\уник\четвертый сем\геометрия\lab3\lab02\x64\debug\lab3.tlog\cl.command.1.tlog
d:\уник\четвертый сем\геометрия\lab3\lab02\x64\debug\lab3.tlog\cl.items.tlog
d:\уник\четвертый сем\геометрия\lab3\lab02\x64\debug\lab3.tlog\cl.read.1.tlog
d:\уник\четвертый сем\геометрия\lab3\lab02\x64\debug\lab3.tlog\cl.write.1.tlog
d:\уник\четвертый сем\геометрия\lab3\lab02\x64\debug\lab3.tlog\link.command.1.tlog
d:\уник\четвертый сем\геометрия\lab3\lab02\x64\debug\lab3.tlog\link.read.1.tlog
d:\уник\четвертый сем\геометрия\lab3\lab02\x64\debug\lab3.tlog\link.secondary.1.tlog
d:\уник\четвертый сем\геометрия\lab3\lab02\x64\debug\lab3.tlog\link.write.1.tlog
d:\уник\четвертый сем\геометрия\lab3\lab02\x64\debug\lab3.tlog\rc.command.1.tlog
d:\уник\четвертый сем\геометрия\lab3\lab02\x64\debug\lab3.tlog\rc.read.1.tlog
d:\уник\четвертый сем\геометрия\lab3\lab02\x64\debug\lab3.tlog\rc.write.1.tlog
