Сборка начата 22.04.2025 10:12:19.
Уровень детализации журнала: Normal.     1>Проект "C:\Users\User\Downloads\Лаба2\RIS_2_client\RIS_2_client.vcxproj" в узле 2 (целевые объекты Build).
     1>PrepareForBuild:
         Структурированный вывод включен. Форматирование диагностики компилятора будет отражать иерархию ошибок. Подробнее см. https://aka.ms/cpp/structured-output.
       InitializeBuildStatus:
         Создание "x64\Debug\RIS_2_client.tlog\unsuccessfulbuild", так как было задано "AlwaysCreate".
         Обращение к "x64\Debug\RIS_2_client.tlog\unsuccessfulbuild".
       ClCompile:
         C:\Program Files\Microsoft Visual Studio\2022\Community\VC\Tools\MSVC\14.42.34433\bin\HostX64\x64\CL.exe /c /ZI /JMC /nologo /W3 /WX- /diagnostics:column /sdl /Od /D _DEBUG /D _CONSOLE /D _UNICODE /D UNICODE /Gm- /EHsc /RTC1 /MDd /GS /fp:precise /Zc:wchar_t /Zc:forScope /Zc:inline /permissive- /Fo"x64\Debug\\" /Fd"x64\Debug\vc143.pdb" /external:W3 /Gd /TP /FC /errorReport:prompt client.cpp
         client.cpp
     1>C:\Users\User\Downloads\Лаба2\RIS_2_client\client.cpp(240,6): warning C4101: ibuf: неиспользованная локальная переменная
     1>C:\Users\User\Downloads\Лаба2\RIS_2_client\client.cpp(285,6): warning C4101: ibuf: неиспользованная локальная переменная
     1>C:\Users\User\Downloads\Лаба2\RIS_2_client\client.cpp(332,6): warning C4101: ibuf: неиспользованная локальная переменная
       Link:
         C:\Program Files\Microsoft Visual Studio\2022\Community\VC\Tools\MSVC\14.42.34433\bin\HostX64\x64\link.exe /ERRORREPORT:PROMPT /OUT:"C:\Users\User\Downloads\Лаба2\RIS_2_server\x64\Debug\RIS_2_client.exe" /INCREMENTAL /ILK:"x64\Debug\RIS_2_client.ilk" /NOLOGO kernel32.lib user32.lib gdi32.lib winspool.lib comdlg32.lib advapi32.lib shell32.lib ole32.lib oleaut32.lib uuid.lib odbc32.lib odbccp32.lib /MANIFEST /MANIFESTUAC:"level='asInvoker' uiAccess='false'" /manifest:embed /DEBUG /PDB:"C:\Users\User\Downloads\Лаба2\RIS_2_server\x64\Debug\RIS_2_client.pdb" /SUBSYSTEM:CONSOLE /TLBID:1 /DYNAMICBASE /NXCOMPAT /IMPLIB:"C:\Users\User\Downloads\Лаба2\RIS_2_server\x64\Debug\RIS_2_client.lib" /MACHINE:X64 x64\Debug\client.obj
         RIS_2_client.vcxproj -> C:\Users\User\Downloads\Лаба2\RIS_2_server\x64\Debug\RIS_2_client.exe
       FinalizeBuildStatus:
         Файл "x64\Debug\RIS_2_client.tlog\unsuccessfulbuild" удаляется.
         Обращение к "x64\Debug\RIS_2_client.tlog\RIS_2_client.lastbuildstate".
     1>Сборка проекта "C:\Users\User\Downloads\Лаба2\RIS_2_client\RIS_2_client.vcxproj" завершена (целевые объекты Build).

Сборка успешно завершена.

       "C:\Users\User\Downloads\Лаба2\RIS_2_client\RIS_2_client.vcxproj" (целевой объект Build ) (1) ->
       (Целевой объект ClCompile) -> 
         C:\Users\User\Downloads\Лаба2\RIS_2_client\client.cpp(240,6): warning C4101: ibuf: неиспользованная локальная переменная
         C:\Users\User\Downloads\Лаба2\RIS_2_client\client.cpp(285,6): warning C4101: ibuf: неиспользованная локальная переменная
         C:\Users\User\Downloads\Лаба2\RIS_2_client\client.cpp(332,6): warning C4101: ibuf: неиспользованная локальная переменная

    Предупреждений: 3
    Ошибок: 0

Прошло времени 00:00:02.64
